Analysis & Elaboration report for RISC2
Tue Nov 29 12:16:32 2016
Quartus Prime Version 15.1.0 Build 185 10/21/2015 SJ Lite Edition


---------------------
; Table of Contents ;
---------------------
  1. Legal Notice
  2. Analysis & Elaboration Summary
  3. Parallel Compilation
  4. Parameter Settings for User Entity Instance: Datapath_RISC:dp|dataRegister:pc_fd
  5. Parameter Settings for User Entity Instance: Datapath_RISC:dp|dataRegister:t3_fd
  6. Parameter Settings for User Entity Instance: Datapath_RISC:dp|dataRegister:ir_fd
  7. Parameter Settings for User Entity Instance: Datapath_RISC:dp|dataRegister:t3_dr
  8. Parameter Settings for User Entity Instance: Datapath_RISC:dp|dataRegister:pc_dr
  9. Parameter Settings for User Entity Instance: Datapath_RISC:dp|dataRegister:irdr
 10. Parameter Settings for User Entity Instance: Datapath_RISC:dp|dataRegister:t1re
 11. Parameter Settings for User Entity Instance: Datapath_RISC:dp|dataRegister:t2_re
 12. Parameter Settings for User Entity Instance: Datapath_RISC:dp|dataRegister:irre
 13. Parameter Settings for User Entity Instance: Datapath_RISC:dp|dataRegister:t3_re
 14. Parameter Settings for User Entity Instance: Datapath_RISC:dp|dataRegister:pcre
 15. Parameter Settings for User Entity Instance: Datapath_RISC:dp|dataRegister:t4re
 16. Parameter Settings for User Entity Instance: Datapath_RISC:dp|dataRegister:t4_em
 17. Parameter Settings for User Entity Instance: Datapath_RISC:dp|dataRegister:t2_em
 18. Parameter Settings for User Entity Instance: Datapath_RISC:dp|dataRegister:t3_em
 19. Parameter Settings for User Entity Instance: Datapath_RISC:dp|dataRegister:pc_em2
 20. Parameter Settings for User Entity Instance: Datapath_RISC:dp|dataRegister:t2_mw
 21. Parameter Settings for User Entity Instance: Datapath_RISC:dp|dataRegister:t3_mw
 22. Parameter Settings for User Entity Instance: Datapath_RISC:dp|dataRegister:irem
 23. Parameter Settings for User Entity Instance: Datapath_RISC:dp|dataRegister:pcem
 24. Parameter Settings for User Entity Instance: Datapath_RISC:dp|dataRegister:irmw
 25. Parameter Settings for User Entity Instance: Datapath_RISC:dp|dataRegister:pc_mw
 26. Parameter Settings for User Entity Instance: Datapath_RISC:dp|dataRegister:pc_mw2
 27. Parameter Settings for User Entity Instance: Datapath_RISC:dp|dataRegister:t4_mW
 28. Analysis & Elaboration Settings
 29. Port Connectivity Checks: "Datapath_RISC:dp|Comparator:comp2"
 30. Port Connectivity Checks: "Datapath_RISC:dp|alu:op2_alu"
 31. Port Connectivity Checks: "Datapath_RISC:dp|alu:incrementer1"
 32. Analysis & Elaboration Messages



----------------
; Legal Notice ;
----------------
Copyright (C) 1991-2015 Altera Corporation. All rights reserved.
Your use of Altera Corporation's design tools, logic functions 
and other software and tools, and its AMPP partner logic 
functions, and any output files from any of the foregoing 
(including device programming or simulation files), and any 
associated documentation or information are expressly subject 
to the terms and conditions of the Altera Program License 
Subscription Agreement, the Altera Quartus Prime License Agreement,
the Altera MegaCore Function License Agreement, or other 
applicable license agreement, including, without limitation, 
that your use is for the sole purpose of programming logic 
devices manufactured by Altera and sold by Altera or its 
authorized distributors.  Please refer to the applicable 
agreement for further details.



+----------------------------------------------------------------------------------+
; Analysis & Elaboration Summary                                                   ;
+------------------------------------+---------------------------------------------+
; Analysis & Elaboration Status      ; Successful - Tue Nov 29 12:16:32 2016       ;
; Quartus Prime Version              ; 15.1.0 Build 185 10/21/2015 SJ Lite Edition ;
; Revision Name                      ; RISC2                                       ;
; Top-level Entity Name              ; RISC2                                       ;
; Family                             ; Cyclone IV E                                ;
; Total logic elements               ; N/A until Partition Merge                   ;
;     Total combinational functions  ; N/A until Partition Merge                   ;
;     Dedicated logic registers      ; N/A until Partition Merge                   ;
; Total registers                    ; N/A until Partition Merge                   ;
; Total pins                         ; N/A until Partition Merge                   ;
; Total virtual pins                 ; N/A until Partition Merge                   ;
; Total memory bits                  ; N/A until Partition Merge                   ;
; Embedded Multiplier 9-bit elements ; N/A until Partition Merge                   ;
; Total PLLs                         ; N/A until Partition Merge                   ;
+------------------------------------+---------------------------------------------+


+------------------------------------------+
; Parallel Compilation                     ;
+----------------------------+-------------+
; Processors                 ; Number      ;
+----------------------------+-------------+
; Number detected on machine ; 4           ;
; Maximum allowed            ; 2           ;
;                            ;             ;
; Average used               ; 1.00        ;
; Maximum used               ; 1           ;
;                            ;             ;
; Usage by Processor         ; % Time Used ;
;     Processor 1            ; 100.0%      ;
+----------------------------+-------------+


+----------------------------------------------------------------------------------+
; Parameter Settings for User Entity Instance: Datapath_RISC:dp|dataRegister:pc_fd ;
+----------------+-------+---------------------------------------------------------+
; Parameter Name ; Value ; Type                                                    ;
+----------------+-------+---------------------------------------------------------+
; data_width     ; 16    ; Signed Integer                                          ;
+----------------+-------+---------------------------------------------------------+
Note: In order to hide this table in the UI and the text report file, please set the "Show Parameter Settings in Synthesis Report" option in "Analysis and Synthesis Settings -> More Settings" to "Off".


+----------------------------------------------------------------------------------+
; Parameter Settings for User Entity Instance: Datapath_RISC:dp|dataRegister:t3_fd ;
+----------------+-------+---------------------------------------------------------+
; Parameter Name ; Value ; Type                                                    ;
+----------------+-------+---------------------------------------------------------+
; data_width     ; 16    ; Signed Integer                                          ;
+----------------+-------+---------------------------------------------------------+
Note: In order to hide this table in the UI and the text report file, please set the "Show Parameter Settings in Synthesis Report" option in "Analysis and Synthesis Settings -> More Settings" to "Off".


+----------------------------------------------------------------------------------+
; Parameter Settings for User Entity Instance: Datapath_RISC:dp|dataRegister:ir_fd ;
+----------------+-------+---------------------------------------------------------+
; Parameter Name ; Value ; Type                                                    ;
+----------------+-------+---------------------------------------------------------+
; data_width     ; 16    ; Signed Integer                                          ;
+----------------+-------+---------------------------------------------------------+
Note: In order to hide this table in the UI and the text report file, please set the "Show Parameter Settings in Synthesis Report" option in "Analysis and Synthesis Settings -> More Settings" to "Off".


+----------------------------------------------------------------------------------+
; Parameter Settings for User Entity Instance: Datapath_RISC:dp|dataRegister:t3_dr ;
+----------------+-------+---------------------------------------------------------+
; Parameter Name ; Value ; Type                                                    ;
+----------------+-------+---------------------------------------------------------+
; data_width     ; 16    ; Signed Integer                                          ;
+----------------+-------+---------------------------------------------------------+
Note: In order to hide this table in the UI and the text report file, please set the "Show Parameter Settings in Synthesis Report" option in "Analysis and Synthesis Settings -> More Settings" to "Off".


+----------------------------------------------------------------------------------+
; Parameter Settings for User Entity Instance: Datapath_RISC:dp|dataRegister:pc_dr ;
+----------------+-------+---------------------------------------------------------+
; Parameter Name ; Value ; Type                                                    ;
+----------------+-------+---------------------------------------------------------+
; data_width     ; 16    ; Signed Integer                                          ;
+----------------+-------+---------------------------------------------------------+
Note: In order to hide this table in the UI and the text report file, please set the "Show Parameter Settings in Synthesis Report" option in "Analysis and Synthesis Settings -> More Settings" to "Off".


+---------------------------------------------------------------------------------+
; Parameter Settings for User Entity Instance: Datapath_RISC:dp|dataRegister:irdr ;
+----------------+-------+--------------------------------------------------------+
; Parameter Name ; Value ; Type                                                   ;
+----------------+-------+--------------------------------------------------------+
; data_width     ; 16    ; Signed Integer                                         ;
+----------------+-------+--------------------------------------------------------+
Note: In order to hide this table in the UI and the text report file, please set the "Show Parameter Settings in Synthesis Report" option in "Analysis and Synthesis Settings -> More Settings" to "Off".


+---------------------------------------------------------------------------------+
; Parameter Settings for User Entity Instance: Datapath_RISC:dp|dataRegister:t1re ;
+----------------+-------+--------------------------------------------------------+
; Parameter Name ; Value ; Type                                                   ;
+----------------+-------+--------------------------------------------------------+
; data_width     ; 16    ; Signed Integer                                         ;
+----------------+-------+--------------------------------------------------------+
Note: In order to hide this table in the UI and the text report file, please set the "Show Parameter Settings in Synthesis Report" option in "Analysis and Synthesis Settings -> More Settings" to "Off".


+----------------------------------------------------------------------------------+
; Parameter Settings for User Entity Instance: Datapath_RISC:dp|dataRegister:t2_re ;
+----------------+-------+---------------------------------------------------------+
; Parameter Name ; Value ; Type                                                    ;
+----------------+-------+---------------------------------------------------------+
; data_width     ; 16    ; Signed Integer                                          ;
+----------------+-------+---------------------------------------------------------+
Note: In order to hide this table in the UI and the text report file, please set the "Show Parameter Settings in Synthesis Report" option in "Analysis and Synthesis Settings -> More Settings" to "Off".


+---------------------------------------------------------------------------------+
; Parameter Settings for User Entity Instance: Datapath_RISC:dp|dataRegister:irre ;
+----------------+-------+--------------------------------------------------------+
; Parameter Name ; Value ; Type                                                   ;
+----------------+-------+--------------------------------------------------------+
; data_width     ; 16    ; Signed Integer                                         ;
+----------------+-------+--------------------------------------------------------+
Note: In order to hide this table in the UI and the text report file, please set the "Show Parameter Settings in Synthesis Report" option in "Analysis and Synthesis Settings -> More Settings" to "Off".


+----------------------------------------------------------------------------------+
; Parameter Settings for User Entity Instance: Datapath_RISC:dp|dataRegister:t3_re ;
+----------------+-------+---------------------------------------------------------+
; Parameter Name ; Value ; Type                                                    ;
+----------------+-------+---------------------------------------------------------+
; data_width     ; 16    ; Signed Integer                                          ;
+----------------+-------+---------------------------------------------------------+
Note: In order to hide this table in the UI and the text report file, please set the "Show Parameter Settings in Synthesis Report" option in "Analysis and Synthesis Settings -> More Settings" to "Off".


+---------------------------------------------------------------------------------+
; Parameter Settings for User Entity Instance: Datapath_RISC:dp|dataRegister:pcre ;
+----------------+-------+--------------------------------------------------------+
; Parameter Name ; Value ; Type                                                   ;
+----------------+-------+--------------------------------------------------------+
; data_width     ; 16    ; Signed Integer                                         ;
+----------------+-------+--------------------------------------------------------+
Note: In order to hide this table in the UI and the text report file, please set the "Show Parameter Settings in Synthesis Report" option in "Analysis and Synthesis Settings -> More Settings" to "Off".


+---------------------------------------------------------------------------------+
; Parameter Settings for User Entity Instance: Datapath_RISC:dp|dataRegister:t4re ;
+----------------+-------+--------------------------------------------------------+
; Parameter Name ; Value ; Type                                                   ;
+----------------+-------+--------------------------------------------------------+
; data_width     ; 16    ; Signed Integer                                         ;
+----------------+-------+--------------------------------------------------------+
Note: In order to hide this table in the UI and the text report file, please set the "Show Parameter Settings in Synthesis Report" option in "Analysis and Synthesis Settings -> More Settings" to "Off".


+----------------------------------------------------------------------------------+
; Parameter Settings for User Entity Instance: Datapath_RISC:dp|dataRegister:t4_em ;
+----------------+-------+---------------------------------------------------------+
; Parameter Name ; Value ; Type                                                    ;
+----------------+-------+---------------------------------------------------------+
; data_width     ; 16    ; Signed Integer                                          ;
+----------------+-------+---------------------------------------------------------+
Note: In order to hide this table in the UI and the text report file, please set the "Show Parameter Settings in Synthesis Report" option in "Analysis and Synthesis Settings -> More Settings" to "Off".


+----------------------------------------------------------------------------------+
; Parameter Settings for User Entity Instance: Datapath_RISC:dp|dataRegister:t2_em ;
+----------------+-------+---------------------------------------------------------+
; Parameter Name ; Value ; Type                                                    ;
+----------------+-------+---------------------------------------------------------+
; data_width     ; 16    ; Signed Integer                                          ;
+----------------+-------+---------------------------------------------------------+
Note: In order to hide this table in the UI and the text report file, please set the "Show Parameter Settings in Synthesis Report" option in "Analysis and Synthesis Settings -> More Settings" to "Off".


+----------------------------------------------------------------------------------+
; Parameter Settings for User Entity Instance: Datapath_RISC:dp|dataRegister:t3_em ;
+----------------+-------+---------------------------------------------------------+
; Parameter Name ; Value ; Type                                                    ;
+----------------+-------+---------------------------------------------------------+
; data_width     ; 16    ; Signed Integer                                          ;
+----------------+-------+---------------------------------------------------------+
Note: In order to hide this table in the UI and the text report file, please set the "Show Parameter Settings in Synthesis Report" option in "Analysis and Synthesis Settings -> More Settings" to "Off".


+-----------------------------------------------------------------------------------+
; Parameter Settings for User Entity Instance: Datapath_RISC:dp|dataRegister:pc_em2 ;
+----------------+-------+----------------------------------------------------------+
; Parameter Name ; Value ; Type                                                     ;
+----------------+-------+----------------------------------------------------------+
; data_width     ; 16    ; Signed Integer                                           ;
+----------------+-------+----------------------------------------------------------+
Note: In order to hide this table in the UI and the text report file, please set the "Show Parameter Settings in Synthesis Report" option in "Analysis and Synthesis Settings -> More Settings" to "Off".


+----------------------------------------------------------------------------------+
; Parameter Settings for User Entity Instance: Datapath_RISC:dp|dataRegister:t2_mw ;
+----------------+-------+---------------------------------------------------------+
; Parameter Name ; Value ; Type                                                    ;
+----------------+-------+---------------------------------------------------------+
; data_width     ; 16    ; Signed Integer                                          ;
+----------------+-------+---------------------------------------------------------+
Note: In order to hide this table in the UI and the text report file, please set the "Show Parameter Settings in Synthesis Report" option in "Analysis and Synthesis Settings -> More Settings" to "Off".


+----------------------------------------------------------------------------------+
; Parameter Settings for User Entity Instance: Datapath_RISC:dp|dataRegister:t3_mw ;
+----------------+-------+---------------------------------------------------------+
; Parameter Name ; Value ; Type                                                    ;
+----------------+-------+---------------------------------------------------------+
; data_width     ; 16    ; Signed Integer                                          ;
+----------------+-------+---------------------------------------------------------+
Note: In order to hide this table in the UI and the text report file, please set the "Show Parameter Settings in Synthesis Report" option in "Analysis and Synthesis Settings -> More Settings" to "Off".


+---------------------------------------------------------------------------------+
; Parameter Settings for User Entity Instance: Datapath_RISC:dp|dataRegister:irem ;
+----------------+-------+--------------------------------------------------------+
; Parameter Name ; Value ; Type                                                   ;
+----------------+-------+--------------------------------------------------------+
; data_width     ; 16    ; Signed Integer                                         ;
+----------------+-------+--------------------------------------------------------+
Note: In order to hide this table in the UI and the text report file, please set the "Show Parameter Settings in Synthesis Report" option in "Analysis and Synthesis Settings -> More Settings" to "Off".


+---------------------------------------------------------------------------------+
; Parameter Settings for User Entity Instance: Datapath_RISC:dp|dataRegister:pcem ;
+----------------+-------+--------------------------------------------------------+
; Parameter Name ; Value ; Type                                                   ;
+----------------+-------+--------------------------------------------------------+
; data_width     ; 16    ; Signed Integer                                         ;
+----------------+-------+--------------------------------------------------------+
Note: In order to hide this table in the UI and the text report file, please set the "Show Parameter Settings in Synthesis Report" option in "Analysis and Synthesis Settings -> More Settings" to "Off".


+---------------------------------------------------------------------------------+
; Parameter Settings for User Entity Instance: Datapath_RISC:dp|dataRegister:irmw ;
+----------------+-------+--------------------------------------------------------+
; Parameter Name ; Value ; Type                                                   ;
+----------------+-------+--------------------------------------------------------+
; data_width     ; 16    ; Signed Integer                                         ;
+----------------+-------+--------------------------------------------------------+
Note: In order to hide this table in the UI and the text report file, please set the "Show Parameter Settings in Synthesis Report" option in "Analysis and Synthesis Settings -> More Settings" to "Off".


+----------------------------------------------------------------------------------+
; Parameter Settings for User Entity Instance: Datapath_RISC:dp|dataRegister:pc_mw ;
+----------------+-------+---------------------------------------------------------+
; Parameter Name ; Value ; Type                                                    ;
+----------------+-------+---------------------------------------------------------+
; data_width     ; 16    ; Signed Integer                                          ;
+----------------+-------+---------------------------------------------------------+
Note: In order to hide this table in the UI and the text report file, please set the "Show Parameter Settings in Synthesis Report" option in "Analysis and Synthesis Settings -> More Settings" to "Off".


+-----------------------------------------------------------------------------------+
; Parameter Settings for User Entity Instance: Datapath_RISC:dp|dataRegister:pc_mw2 ;
+----------------+-------+----------------------------------------------------------+
; Parameter Name ; Value ; Type                                                     ;
+----------------+-------+----------------------------------------------------------+
; data_width     ; 16    ; Signed Integer                                           ;
+----------------+-------+----------------------------------------------------------+
Note: In order to hide this table in the UI and the text report file, please set the "Show Parameter Settings in Synthesis Report" option in "Analysis and Synthesis Settings -> More Settings" to "Off".


+----------------------------------------------------------------------------------+
; Parameter Settings for User Entity Instance: Datapath_RISC:dp|dataRegister:t4_mW ;
+----------------+-------+---------------------------------------------------------+
; Parameter Name ; Value ; Type                                                    ;
+----------------+-------+---------------------------------------------------------+
; data_width     ; 16    ; Signed Integer                                          ;
+----------------+-------+---------------------------------------------------------+
Note: In order to hide this table in the UI and the text report file, please set the "Show Parameter Settings in Synthesis Report" option in "Analysis and Synthesis Settings -> More Settings" to "Off".


+----------------------------------------------------------------------------------------------------------------------+
; Analysis & Elaboration Settings                                                                                      ;
+----------------------------------------------------------------------------+--------------------+--------------------+
; Option                                                                     ; Setting            ; Default Value      ;
+----------------------------------------------------------------------------+--------------------+--------------------+
; Device                                                                     ; EP4CE22F17C6       ;                    ;
; Top-level entity name                                                      ; RISC2              ; RISC2              ;
; Family name                                                                ; Cyclone IV E       ; Cyclone V          ;
; Use smart compilation                                                      ; Off                ; Off                ;
; Enable parallel Assembler and TimeQuest Timing Analyzer during compilation ; On                 ; On                 ;
; Enable compact report table                                                ; Off                ; Off                ;
; Restructure Multiplexers                                                   ; Auto               ; Auto               ;
; Create Debugging Nodes for IP Cores                                        ; Off                ; Off                ;
; Preserve fewer node names                                                  ; On                 ; On                 ;
; Disable OpenCore Plus hardware evaluation                                  ; Off                ; Off                ;
; Verilog Version                                                            ; Verilog_2001       ; Verilog_2001       ;
; VHDL Version                                                               ; VHDL_1993          ; VHDL_1993          ;
; State Machine Processing                                                   ; Auto               ; Auto               ;
; Safe State Machine                                                         ; Off                ; Off                ;
; Extract Verilog State Machines                                             ; On                 ; On                 ;
; Extract VHDL State Machines                                                ; On                 ; On                 ;
; Ignore Verilog initial constructs                                          ; Off                ; Off                ;
; Iteration limit for constant Verilog loops                                 ; 5000               ; 5000               ;
; Iteration limit for non-constant Verilog loops                             ; 250                ; 250                ;
; Add Pass-Through Logic to Inferred RAMs                                    ; On                 ; On                 ;
; Infer RAMs from Raw Logic                                                  ; On                 ; On                 ;
; Parallel Synthesis                                                         ; On                 ; On                 ;
; DSP Block Balancing                                                        ; Auto               ; Auto               ;
; NOT Gate Push-Back                                                         ; On                 ; On                 ;
; Power-Up Don't Care                                                        ; On                 ; On                 ;
; Remove Redundant Logic Cells                                               ; Off                ; Off                ;
; Remove Duplicate Registers                                                 ; On                 ; On                 ;
; Ignore CARRY Buffers                                                       ; Off                ; Off                ;
; Ignore CASCADE Buffers                                                     ; Off                ; Off                ;
; Ignore GLOBAL Buffers                                                      ; Off                ; Off                ;
; Ignore ROW GLOBAL Buffers                                                  ; Off                ; Off                ;
; Ignore LCELL Buffers                                                       ; Off                ; Off                ;
; Ignore SOFT Buffers                                                        ; On                 ; On                 ;
; Limit AHDL Integers to 32 Bits                                             ; Off                ; Off                ;
; Optimization Technique                                                     ; Balanced           ; Balanced           ;
; Carry Chain Length                                                         ; 70                 ; 70                 ;
; Auto Carry Chains                                                          ; On                 ; On                 ;
; Auto Open-Drain Pins                                                       ; On                 ; On                 ;
; Perform WYSIWYG Primitive Resynthesis                                      ; Off                ; Off                ;
; Auto ROM Replacement                                                       ; On                 ; On                 ;
; Auto RAM Replacement                                                       ; On                 ; On                 ;
; Auto DSP Block Replacement                                                 ; On                 ; On                 ;
; Auto Shift Register Replacement                                            ; Auto               ; Auto               ;
; Allow Shift Register Merging across Hierarchies                            ; Auto               ; Auto               ;
; Auto Clock Enable Replacement                                              ; On                 ; On                 ;
; Strict RAM Replacement                                                     ; Off                ; Off                ;
; Allow Synchronous Control Signals                                          ; On                 ; On                 ;
; Force Use of Synchronous Clear Signals                                     ; Off                ; Off                ;
; Auto RAM Block Balancing                                                   ; On                 ; On                 ;
; Auto RAM to Logic Cell Conversion                                          ; Off                ; Off                ;
; Auto Resource Sharing                                                      ; Off                ; Off                ;
; Allow Any RAM Size For Recognition                                         ; Off                ; Off                ;
; Allow Any ROM Size For Recognition                                         ; Off                ; Off                ;
; Allow Any Shift Register Size For Recognition                              ; Off                ; Off                ;
; Use LogicLock Constraints during Resource Balancing                        ; On                 ; On                 ;
; Ignore translate_off and synthesis_off directives                          ; Off                ; Off                ;
; Timing-Driven Synthesis                                                    ; On                 ; On                 ;
; Report Parameter Settings                                                  ; On                 ; On                 ;
; Report Source Assignments                                                  ; On                 ; On                 ;
; Report Connectivity Checks                                                 ; On                 ; On                 ;
; Ignore Maximum Fan-Out Assignments                                         ; Off                ; Off                ;
; Synchronization Register Chain Length                                      ; 2                  ; 2                  ;
; PowerPlay Power Optimization During Synthesis                              ; Normal compilation ; Normal compilation ;
; HDL message level                                                          ; Level2             ; Level2             ;
; Suppress Register Optimization Related Messages                            ; Off                ; Off                ;
; Number of Removed Registers Reported in Synthesis Report                   ; 5000               ; 5000               ;
; Number of Swept Nodes Reported in Synthesis Report                         ; 5000               ; 5000               ;
; Number of Inverted Registers Reported in Synthesis Report                  ; 100                ; 100                ;
; Clock MUX Protection                                                       ; On                 ; On                 ;
; Auto Gated Clock Conversion                                                ; Off                ; Off                ;
; Block Design Naming                                                        ; Auto               ; Auto               ;
; SDC constraint protection                                                  ; Off                ; Off                ;
; Synthesis Effort                                                           ; Auto               ; Auto               ;
; Shift Register Replacement - Allow Asynchronous Clear Signal               ; On                 ; On                 ;
; Pre-Mapping Resynthesis Optimization                                       ; Off                ; Off                ;
; Analysis & Synthesis Message Level                                         ; Medium             ; Medium             ;
; Disable Register Merging Across Hierarchies                                ; Auto               ; Auto               ;
; Resource Aware Inference For Block RAM                                     ; On                 ; On                 ;
; Synthesis Seed                                                             ; 1                  ; 1                  ;
+----------------------------------------------------------------------------+--------------------+--------------------+


+---------------------------------------------------------------+
; Port Connectivity Checks: "Datapath_RISC:dp|Comparator:comp2" ;
+---------+-------+----------+----------------------------------+
; Port    ; Type  ; Severity ; Details                          ;
+---------+-------+----------+----------------------------------+
; comp_d2 ; Input ; Info     ; Stuck at GND                     ;
+---------+-------+----------+----------------------------------+


+----------------------------------------------------------------------------------------------------------------------+
; Port Connectivity Checks: "Datapath_RISC:dp|alu:op2_alu"                                                             ;
+------------+--------+----------+-------------------------------------------------------------------------------------+
; Port       ; Type   ; Severity ; Details                                                                             ;
+------------+--------+----------+-------------------------------------------------------------------------------------+
; ip2[15..1] ; Input  ; Info     ; Stuck at GND                                                                        ;
; ip2[0]     ; Input  ; Info     ; Stuck at VCC                                                                        ;
; aluop      ; Input  ; Info     ; Stuck at GND                                                                        ;
; c          ; Output ; Info     ; Connected to dangling logic. Logic that only feeds a dangling port will be removed. ;
+------------+--------+----------+-------------------------------------------------------------------------------------+


+----------------------------------------------------------------------------------------------------------------------+
; Port Connectivity Checks: "Datapath_RISC:dp|alu:incrementer1"                                                        ;
+------------+--------+----------+-------------------------------------------------------------------------------------+
; Port       ; Type   ; Severity ; Details                                                                             ;
+------------+--------+----------+-------------------------------------------------------------------------------------+
; ip2[15..1] ; Input  ; Info     ; Stuck at GND                                                                        ;
; ip2[0]     ; Input  ; Info     ; Stuck at VCC                                                                        ;
; aluop      ; Input  ; Info     ; Stuck at GND                                                                        ;
; c          ; Output ; Info     ; Connected to dangling logic. Logic that only feeds a dangling port will be removed. ;
+------------+--------+----------+-------------------------------------------------------------------------------------+


+---------------------------------+
; Analysis & Elaboration Messages ;
+---------------------------------+
Info: *******************************************************************
Info: Running Quartus Prime Analysis & Elaboration
    Info: Version 15.1.0 Build 185 10/21/2015 SJ Lite Edition
    Info: Processing started: Tue Nov 29 12:16:17 2016
Info: Command: quartus_map --read_settings_files=on --write_settings_files=off RISC2 -c RISC2 --analysis_and_elaboration
Info (20030): Parallel compilation is enabled and will use 2 of the 2 processors detected
Info (12021): Found 2 design units, including 1 entities, in source file dataHazard.vhd
    Info (12022): Found design unit 1: Data_Hazard_Detector-behavioural File: /home/virtualgod/Altera/RISC2/dataHazard.vhd Line: 19
    Info (12023): Found entity 1: Data_Hazard_Detector File: /home/virtualgod/Altera/RISC2/dataHazard.vhd Line: 4
Info (12021): Found 2 design units, including 1 entities, in source file flipFlop.vhd
    Info (12022): Found design unit 1: flipFlop-Behave File: /home/virtualgod/Altera/RISC2/flipFlop.vhd Line: 13
    Info (12023): Found entity 1: flipFlop File: /home/virtualgod/Altera/RISC2/flipFlop.vhd Line: 6
Info (12021): Found 1 design units, including 0 entities, in source file finalComponents.vhd
    Info (12022): Found design unit 1: finalComponents File: /home/virtualgod/Altera/RISC2/finalComponents.vhd Line: 4
Info (12021): Found 2 design units, including 1 entities, in source file regRead.vhd
    Info (12022): Found design unit 1: regRead-behaviour File: /home/virtualgod/Altera/RISC2/regRead.vhd Line: 13
    Info (12023): Found entity 1: regRead File: /home/virtualgod/Altera/RISC2/regRead.vhd Line: 4
Info (12021): Found 2 design units, including 1 entities, in source file dataRegister.vhd
    Info (12022): Found design unit 1: dataRegister-Behave File: /home/virtualgod/Altera/RISC2/dataRegister.vhd Line: 14
    Info (12023): Found entity 1: dataRegister File: /home/virtualgod/Altera/RISC2/dataRegister.vhd Line: 6
Info (12021): Found 2 design units, including 1 entities, in source file instrMemory.vhd
    Info (12022): Found design unit 1: instrMemory-Behave File: /home/virtualgod/Altera/RISC2/instrMemory.vhd Line: 15
    Info (12023): Found entity 1: instrMemory File: /home/virtualgod/Altera/RISC2/instrMemory.vhd Line: 8
Info (12021): Found 2 design units, including 1 entities, in source file execute.vhd
    Info (12022): Found design unit 1: execute-behaviour File: /home/virtualgod/Altera/RISC2/execute.vhd Line: 12
    Info (12023): Found entity 1: execute File: /home/virtualgod/Altera/RISC2/execute.vhd Line: 4
Info (12021): Found 2 design units, including 1 entities, in source file alu.vhd
    Info (12022): Found design unit 1: alu-Behave File: /home/virtualgod/Altera/RISC2/alu.vhd Line: 15
    Info (12023): Found entity 1: alu File: /home/virtualgod/Altera/RISC2/alu.vhd Line: 7
Info (12021): Found 1 design units, including 0 entities, in source file memPackage.vhd
    Info (12022): Found design unit 1: mem_package File: /home/virtualgod/Altera/RISC2/memPackage.vhd Line: 3
Info (12021): Found 1 design units, including 0 entities, in source file datapathComponents.vhd
    Info (12022): Found design unit 1: datapathComponents File: /home/virtualgod/Altera/RISC2/datapathComponents.vhd Line: 4
Info (12021): Found 2 design units, including 1 entities, in source file regWrite.vhd
    Info (12022): Found design unit 1: regWrite-behaviour File: /home/virtualgod/Altera/RISC2/regWrite.vhd Line: 13
    Info (12023): Found entity 1: regWrite File: /home/virtualgod/Altera/RISC2/regWrite.vhd Line: 4
Info (12021): Found 2 design units, including 1 entities, in source file memAccess.vhd
    Info (12022): Found design unit 1: memAccess-behaviour File: /home/virtualgod/Altera/RISC2/memAccess.vhd Line: 11
    Info (12023): Found entity 1: memAccess File: /home/virtualgod/Altera/RISC2/memAccess.vhd Line: 4
Info (12021): Found 2 design units, including 1 entities, in source file fetch.vhd
    Info (12022): Found design unit 1: fetch-behaviour File: /home/virtualgod/Altera/RISC2/fetch.vhd Line: 11
    Info (12023): Found entity 1: fetch File: /home/virtualgod/Altera/RISC2/fetch.vhd Line: 4
Info (12021): Found 2 design units, including 1 entities, in source file PE.vhd
    Info (12022): Found design unit 1: PE-behave File: /home/virtualgod/Altera/RISC2/PE.vhd Line: 15
    Info (12023): Found entity 1: PE File: /home/virtualgod/Altera/RISC2/PE.vhd Line: 7
Info (12021): Found 2 design units, including 1 entities, in source file decode.vhd
    Info (12022): Found design unit 1: decode-behaviour File: /home/virtualgod/Altera/RISC2/decode.vhd Line: 10
    Info (12023): Found entity 1: decode File: /home/virtualgod/Altera/RISC2/decode.vhd Line: 4
Info (12021): Found 2 design units, including 1 entities, in source file dataMemory.vhd
    Info (12022): Found design unit 1: dataMemory-Behave File: /home/virtualgod/Altera/RISC2/dataMemory.vhd Line: 16
    Info (12023): Found entity 1: dataMemory File: /home/virtualgod/Altera/RISC2/dataMemory.vhd Line: 8
Info (12021): Found 2 design units, including 1 entities, in source file Comparator.vhd
    Info (12022): Found design unit 1: Comparator-Behave File: /home/virtualgod/Altera/RISC2/Comparator.vhd Line: 12
    Info (12023): Found entity 1: Comparator File: /home/virtualgod/Altera/RISC2/Comparator.vhd Line: 6
Info (12021): Found 2 design units, including 1 entities, in source file DataPath_RISC2.vhd
    Info (12022): Found design unit 1: DataPath_RISC-Build File: /home/virtualgod/Altera/RISC2/DataPath_RISC2.vhd Line: 22
    Info (12023): Found entity 1: Datapath_RISC File: /home/virtualgod/Altera/RISC2/DataPath_RISC2.vhd Line: 7
Info (12021): Found 2 design units, including 1 entities, in source file regFile.vhd
    Info (12022): Found design unit 1: regFile-Behave File: /home/virtualgod/Altera/RISC2/regFile.vhd Line: 16
    Info (12023): Found entity 1: regFile File: /home/virtualgod/Altera/RISC2/regFile.vhd Line: 7
Info (12021): Found 2 design units, including 1 entities, in source file RISC2.vhd
    Info (12022): Found design unit 1: RISC2-Struct File: /home/virtualgod/Altera/RISC2/RISC2.vhd Line: 12
    Info (12023): Found entity 1: RISC2 File: /home/virtualgod/Altera/RISC2/RISC2.vhd Line: 7
Info (12021): Found 2 design units, including 1 entities, in source file controlHazard.vhd
    Info (12022): Found design unit 1: controlHazard-Behave File: /home/virtualgod/Altera/RISC2/controlHazard.vhd Line: 13
    Info (12023): Found entity 1: controlHazard File: /home/virtualgod/Altera/RISC2/controlHazard.vhd Line: 4
Info (12127): Elaborating entity "RISC2" for the top level hierarchy
Info (12128): Elaborating entity "Datapath_RISC" for hierarchy "Datapath_RISC:dp" File: /home/virtualgod/Altera/RISC2/RISC2.vhd Line: 32
Info (10041): Inferred latch for "T2_RE_in[0]" at DataPath_RISC2.vhd(149) File: /home/virtualgod/Altera/RISC2/DataPath_RISC2.vhd Line: 149
Info (10041): Inferred latch for "T2_RE_in[1]" at DataPath_RISC2.vhd(149) File: /home/virtualgod/Altera/RISC2/DataPath_RISC2.vhd Line: 149
Info (10041): Inferred latch for "T2_RE_in[2]" at DataPath_RISC2.vhd(149) File: /home/virtualgod/Altera/RISC2/DataPath_RISC2.vhd Line: 149
Info (10041): Inferred latch for "T2_RE_in[3]" at DataPath_RISC2.vhd(149) File: /home/virtualgod/Altera/RISC2/DataPath_RISC2.vhd Line: 149
Info (10041): Inferred latch for "T2_RE_in[4]" at DataPath_RISC2.vhd(149) File: /home/virtualgod/Altera/RISC2/DataPath_RISC2.vhd Line: 149
Info (10041): Inferred latch for "T2_RE_in[5]" at DataPath_RISC2.vhd(149) File: /home/virtualgod/Altera/RISC2/DataPath_RISC2.vhd Line: 149
Info (10041): Inferred latch for "T2_RE_in[6]" at DataPath_RISC2.vhd(149) File: /home/virtualgod/Altera/RISC2/DataPath_RISC2.vhd Line: 149
Info (10041): Inferred latch for "T2_RE_in[7]" at DataPath_RISC2.vhd(149) File: /home/virtualgod/Altera/RISC2/DataPath_RISC2.vhd Line: 149
Info (10041): Inferred latch for "T2_RE_in[8]" at DataPath_RISC2.vhd(149) File: /home/virtualgod/Altera/RISC2/DataPath_RISC2.vhd Line: 149
Info (10041): Inferred latch for "T2_RE_in[9]" at DataPath_RISC2.vhd(149) File: /home/virtualgod/Altera/RISC2/DataPath_RISC2.vhd Line: 149
Info (10041): Inferred latch for "T2_RE_in[10]" at DataPath_RISC2.vhd(149) File: /home/virtualgod/Altera/RISC2/DataPath_RISC2.vhd Line: 149
Info (10041): Inferred latch for "T2_RE_in[11]" at DataPath_RISC2.vhd(149) File: /home/virtualgod/Altera/RISC2/DataPath_RISC2.vhd Line: 149
Info (10041): Inferred latch for "T2_RE_in[12]" at DataPath_RISC2.vhd(149) File: /home/virtualgod/Altera/RISC2/DataPath_RISC2.vhd Line: 149
Info (10041): Inferred latch for "T2_RE_in[13]" at DataPath_RISC2.vhd(149) File: /home/virtualgod/Altera/RISC2/DataPath_RISC2.vhd Line: 149
Info (10041): Inferred latch for "T2_RE_in[14]" at DataPath_RISC2.vhd(149) File: /home/virtualgod/Altera/RISC2/DataPath_RISC2.vhd Line: 149
Info (10041): Inferred latch for "T2_RE_in[15]" at DataPath_RISC2.vhd(149) File: /home/virtualgod/Altera/RISC2/DataPath_RISC2.vhd Line: 149
Info (12128): Elaborating entity "flipFlop" for hierarchy "Datapath_RISC:dp|flipFlop:ncdr" File: /home/virtualgod/Altera/RISC2/DataPath_RISC2.vhd Line: 45
Info (12128): Elaborating entity "PE" for hierarchy "Datapath_RISC:dp|PE:pr1_enc" File: /home/virtualgod/Altera/RISC2/DataPath_RISC2.vhd Line: 71
Info (12128): Elaborating entity "dataRegister" for hierarchy "Datapath_RISC:dp|dataRegister:pc_fd" File: /home/virtualgod/Altera/RISC2/DataPath_RISC2.vhd Line: 83
Info (12128): Elaborating entity "alu" for hierarchy "Datapath_RISC:dp|alu:incrementer1" File: /home/virtualgod/Altera/RISC2/DataPath_RISC2.vhd Line: 93
Info (12128): Elaborating entity "instrMemory" for hierarchy "Datapath_RISC:dp|instrMemory:instr_mem" File: /home/virtualgod/Altera/RISC2/DataPath_RISC2.vhd Line: 98
Info (12128): Elaborating entity "regFile" for hierarchy "Datapath_RISC:dp|regFile:rf" File: /home/virtualgod/Altera/RISC2/DataPath_RISC2.vhd Line: 134
Warning (10492): VHDL Process Statement warning at regFile.vhd(29): signal "a3" is read inside the Process Statement but isn't in the Process Statement's sensitivity list File: /home/virtualgod/Altera/RISC2/regFile.vhd Line: 29
Info (12128): Elaborating entity "Comparator" for hierarchy "Datapath_RISC:dp|Comparator:comp1" File: /home/virtualgod/Altera/RISC2/DataPath_RISC2.vhd Line: 162
Info (12128): Elaborating entity "dataMemory" for hierarchy "Datapath_RISC:dp|dataMemory:data_mem" File: /home/virtualgod/Altera/RISC2/DataPath_RISC2.vhd Line: 224
Info (12128): Elaborating entity "fetch" for hierarchy "fetch:f" File: /home/virtualgod/Altera/RISC2/RISC2.vhd Line: 51
Info (12128): Elaborating entity "decode" for hierarchy "decode:d" File: /home/virtualgod/Altera/RISC2/RISC2.vhd Line: 55
Info (12128): Elaborating entity "regRead" for hierarchy "regRead:r" File: /home/virtualgod/Altera/RISC2/RISC2.vhd Line: 59
Warning (10492): VHDL Process Statement warning at regRead.vhd(37): signal "NC_DR" is read inside the Process Statement but isn't in the Process Statement's sensitivity list File: /home/virtualgod/Altera/RISC2/regRead.vhd Line: 37
Warning (10492): VHDL Process Statement warning at regRead.vhd(40): signal "IR_DR" is read inside the Process Statement but isn't in the Process Statement's sensitivity list File: /home/virtualgod/Altera/RISC2/regRead.vhd Line: 40
Warning (10492): VHDL Process Statement warning at regRead.vhd(48): signal "IR_DR" is read inside the Process Statement but isn't in the Process Statement's sensitivity list File: /home/virtualgod/Altera/RISC2/regRead.vhd Line: 48
Warning (10492): VHDL Process Statement warning at regRead.vhd(59): signal "IR_DR" is read inside the Process Statement but isn't in the Process Statement's sensitivity list File: /home/virtualgod/Altera/RISC2/regRead.vhd Line: 59
Warning (10492): VHDL Process Statement warning at regRead.vhd(61): signal "IR_DR" is read inside the Process Statement but isn't in the Process Statement's sensitivity list File: /home/virtualgod/Altera/RISC2/regRead.vhd Line: 61
Warning (10492): VHDL Process Statement warning at regRead.vhd(64): signal "IR_DR" is read inside the Process Statement but isn't in the Process Statement's sensitivity list File: /home/virtualgod/Altera/RISC2/regRead.vhd Line: 64
Warning (10492): VHDL Process Statement warning at regRead.vhd(66): signal "IR_DR" is read inside the Process Statement but isn't in the Process Statement's sensitivity list File: /home/virtualgod/Altera/RISC2/regRead.vhd Line: 66
Info (12128): Elaborating entity "execute" for hierarchy "execute:e" File: /home/virtualgod/Altera/RISC2/RISC2.vhd Line: 65
Warning (10492): VHDL Process Statement warning at execute.vhd(40): signal "NC_RE" is read inside the Process Statement but isn't in the Process Statement's sensitivity list File: /home/virtualgod/Altera/RISC2/execute.vhd Line: 40
Warning (10492): VHDL Process Statement warning at execute.vhd(41): signal "IR_RE" is read inside the Process Statement but isn't in the Process Statement's sensitivity list File: /home/virtualgod/Altera/RISC2/execute.vhd Line: 41
Warning (10492): VHDL Process Statement warning at execute.vhd(50): signal "IR_RE" is read inside the Process Statement but isn't in the Process Statement's sensitivity list File: /home/virtualgod/Altera/RISC2/execute.vhd Line: 50
Warning (10492): VHDL Process Statement warning at execute.vhd(59): signal "IR_RE" is read inside the Process Statement but isn't in the Process Statement's sensitivity list File: /home/virtualgod/Altera/RISC2/execute.vhd Line: 59
Warning (10492): VHDL Process Statement warning at execute.vhd(66): signal "IR_RE" is read inside the Process Statement but isn't in the Process Statement's sensitivity list File: /home/virtualgod/Altera/RISC2/execute.vhd Line: 66
Warning (10492): VHDL Process Statement warning at execute.vhd(73): signal "IR_RE" is read inside the Process Statement but isn't in the Process Statement's sensitivity list File: /home/virtualgod/Altera/RISC2/execute.vhd Line: 73
Warning (10492): VHDL Process Statement warning at execute.vhd(80): signal "IR_RE" is read inside the Process Statement but isn't in the Process Statement's sensitivity list File: /home/virtualgod/Altera/RISC2/execute.vhd Line: 80
Warning (10492): VHDL Process Statement warning at execute.vhd(86): signal "IR_RE" is read inside the Process Statement but isn't in the Process Statement's sensitivity list File: /home/virtualgod/Altera/RISC2/execute.vhd Line: 86
Warning (10492): VHDL Process Statement warning at execute.vhd(92): signal "IR_RE" is read inside the Process Statement but isn't in the Process Statement's sensitivity list File: /home/virtualgod/Altera/RISC2/execute.vhd Line: 92
Warning (10492): VHDL Process Statement warning at execute.vhd(99): signal "IR_RE" is read inside the Process Statement but isn't in the Process Statement's sensitivity list File: /home/virtualgod/Altera/RISC2/execute.vhd Line: 99
Warning (10492): VHDL Process Statement warning at execute.vhd(103): signal "IR_RE" is read inside the Process Statement but isn't in the Process Statement's sensitivity list File: /home/virtualgod/Altera/RISC2/execute.vhd Line: 103
Warning (10492): VHDL Process Statement warning at execute.vhd(107): signal "IR_RE" is read inside the Process Statement but isn't in the Process Statement's sensitivity list File: /home/virtualgod/Altera/RISC2/execute.vhd Line: 107
Info (12128): Elaborating entity "memAccess" for hierarchy "memAccess:m" File: /home/virtualgod/Altera/RISC2/RISC2.vhd Line: 71
Warning (10492): VHDL Process Statement warning at memAccess.vhd(37): signal "NC_EM" is read inside the Process Statement but isn't in the Process Statement's sensitivity list File: /home/virtualgod/Altera/RISC2/memAccess.vhd Line: 37
Warning (10492): VHDL Process Statement warning at memAccess.vhd(38): signal "IR_EM" is read inside the Process Statement but isn't in the Process Statement's sensitivity list File: /home/virtualgod/Altera/RISC2/memAccess.vhd Line: 38
Warning (10492): VHDL Process Statement warning at memAccess.vhd(48): signal "IR_EM" is read inside the Process Statement but isn't in the Process Statement's sensitivity list File: /home/virtualgod/Altera/RISC2/memAccess.vhd Line: 48
Warning (10492): VHDL Process Statement warning at memAccess.vhd(56): signal "IR_EM" is read inside the Process Statement but isn't in the Process Statement's sensitivity list File: /home/virtualgod/Altera/RISC2/memAccess.vhd Line: 56
Warning (10492): VHDL Process Statement warning at memAccess.vhd(68): signal "IR_EM" is read inside the Process Statement but isn't in the Process Statement's sensitivity list File: /home/virtualgod/Altera/RISC2/memAccess.vhd Line: 68
Warning (10492): VHDL Process Statement warning at memAccess.vhd(75): signal "IR_EM" is read inside the Process Statement but isn't in the Process Statement's sensitivity list File: /home/virtualgod/Altera/RISC2/memAccess.vhd Line: 75
Warning (10492): VHDL Process Statement warning at memAccess.vhd(87): signal "IR_EM" is read inside the Process Statement but isn't in the Process Statement's sensitivity list File: /home/virtualgod/Altera/RISC2/memAccess.vhd Line: 87
Info (12128): Elaborating entity "regWrite" for hierarchy "regWrite:w" File: /home/virtualgod/Altera/RISC2/RISC2.vhd Line: 77
Warning (10492): VHDL Process Statement warning at regWrite.vhd(30): signal "NC_MW" is read inside the Process Statement but isn't in the Process Statement's sensitivity list File: /home/virtualgod/Altera/RISC2/regWrite.vhd Line: 30
Warning (10492): VHDL Process Statement warning at regWrite.vhd(31): signal "IR_MW" is read inside the Process Statement but isn't in the Process Statement's sensitivity list File: /home/virtualgod/Altera/RISC2/regWrite.vhd Line: 31
Warning (10492): VHDL Process Statement warning at regWrite.vhd(41): signal "IR_MW" is read inside the Process Statement but isn't in the Process Statement's sensitivity list File: /home/virtualgod/Altera/RISC2/regWrite.vhd Line: 41
Warning (10492): VHDL Process Statement warning at regWrite.vhd(47): signal "IR_MW" is read inside the Process Statement but isn't in the Process Statement's sensitivity list File: /home/virtualgod/Altera/RISC2/regWrite.vhd Line: 47
Warning (10492): VHDL Process Statement warning at regWrite.vhd(53): signal "IR_MW" is read inside the Process Statement but isn't in the Process Statement's sensitivity list File: /home/virtualgod/Altera/RISC2/regWrite.vhd Line: 53
Warning (10492): VHDL Process Statement warning at regWrite.vhd(59): signal "IR_MW" is read inside the Process Statement but isn't in the Process Statement's sensitivity list File: /home/virtualgod/Altera/RISC2/regWrite.vhd Line: 59
Warning (10492): VHDL Process Statement warning at regWrite.vhd(65): signal "IR_MW" is read inside the Process Statement but isn't in the Process Statement's sensitivity list File: /home/virtualgod/Altera/RISC2/regWrite.vhd Line: 65
Warning (10492): VHDL Process Statement warning at regWrite.vhd(71): signal "IR_MW" is read inside the Process Statement but isn't in the Process Statement's sensitivity list File: /home/virtualgod/Altera/RISC2/regWrite.vhd Line: 71
Info (12128): Elaborating entity "controlHazard" for hierarchy "controlHazard:ch" File: /home/virtualgod/Altera/RISC2/RISC2.vhd Line: 81
Warning (10492): VHDL Process Statement warning at controlHazard.vhd(26): signal "IR_EM" is read inside the Process Statement but isn't in the Process Statement's sensitivity list File: /home/virtualgod/Altera/RISC2/controlHazard.vhd Line: 26
Warning (10492): VHDL Process Statement warning at controlHazard.vhd(26): signal "NC_EM_out" is read inside the Process Statement but isn't in the Process Statement's sensitivity list File: /home/virtualgod/Altera/RISC2/controlHazard.vhd Line: 26
Warning (10492): VHDL Process Statement warning at controlHazard.vhd(27): signal "IR_EM" is read inside the Process Statement but isn't in the Process Statement's sensitivity list File: /home/virtualgod/Altera/RISC2/controlHazard.vhd Line: 27
Warning (10492): VHDL Process Statement warning at controlHazard.vhd(28): signal "PC_EM" is read inside the Process Statement but isn't in the Process Statement's sensitivity list File: /home/virtualgod/Altera/RISC2/controlHazard.vhd Line: 28
Warning (10492): VHDL Process Statement warning at controlHazard.vhd(38): signal "NC_RE_out" is read inside the Process Statement but isn't in the Process Statement's sensitivity list File: /home/virtualgod/Altera/RISC2/controlHazard.vhd Line: 38
Warning (10492): VHDL Process Statement warning at controlHazard.vhd(39): signal "IR_RE" is read inside the Process Statement but isn't in the Process Statement's sensitivity list File: /home/virtualgod/Altera/RISC2/controlHazard.vhd Line: 39
Warning (10492): VHDL Process Statement warning at controlHazard.vhd(40): signal "IR_RE" is read inside the Process Statement but isn't in the Process Statement's sensitivity list File: /home/virtualgod/Altera/RISC2/controlHazard.vhd Line: 40
Warning (10492): VHDL Process Statement warning at controlHazard.vhd(41): signal "PC_RE" is read inside the Process Statement but isn't in the Process Statement's sensitivity list File: /home/virtualgod/Altera/RISC2/controlHazard.vhd Line: 41
Warning (10492): VHDL Process Statement warning at controlHazard.vhd(46): signal "IR_RE" is read inside the Process Statement but isn't in the Process Statement's sensitivity list File: /home/virtualgod/Altera/RISC2/controlHazard.vhd Line: 46
Warning (10492): VHDL Process Statement warning at controlHazard.vhd(47): signal "PC_RE" is read inside the Process Statement but isn't in the Process Statement's sensitivity list File: /home/virtualgod/Altera/RISC2/controlHazard.vhd Line: 47
Warning (10492): VHDL Process Statement warning at controlHazard.vhd(53): signal "PC_RE" is read inside the Process Statement but isn't in the Process Statement's sensitivity list File: /home/virtualgod/Altera/RISC2/controlHazard.vhd Line: 53
Warning (10492): VHDL Process Statement warning at controlHazard.vhd(60): signal "IR_RE" is read inside the Process Statement but isn't in the Process Statement's sensitivity list File: /home/virtualgod/Altera/RISC2/controlHazard.vhd Line: 60
Warning (10492): VHDL Process Statement warning at controlHazard.vhd(61): signal "PC_RE" is read inside the Process Statement but isn't in the Process Statement's sensitivity list File: /home/virtualgod/Altera/RISC2/controlHazard.vhd Line: 61
Warning (10492): VHDL Process Statement warning at controlHazard.vhd(67): signal "IR_RE" is read inside the Process Statement but isn't in the Process Statement's sensitivity list File: /home/virtualgod/Altera/RISC2/controlHazard.vhd Line: 67
Warning (10492): VHDL Process Statement warning at controlHazard.vhd(68): signal "T4_RE" is read inside the Process Statement but isn't in the Process Statement's sensitivity list File: /home/virtualgod/Altera/RISC2/controlHazard.vhd Line: 68
Warning (10492): VHDL Process Statement warning at controlHazard.vhd(68): signal "PC_RE" is read inside the Process Statement but isn't in the Process Statement's sensitivity list File: /home/virtualgod/Altera/RISC2/controlHazard.vhd Line: 68
Warning (10492): VHDL Process Statement warning at controlHazard.vhd(75): signal "IR_RE" is read inside the Process Statement but isn't in the Process Statement's sensitivity list File: /home/virtualgod/Altera/RISC2/controlHazard.vhd Line: 75
Warning (10492): VHDL Process Statement warning at controlHazard.vhd(76): signal "PC_RE" is read inside the Process Statement but isn't in the Process Statement's sensitivity list File: /home/virtualgod/Altera/RISC2/controlHazard.vhd Line: 76
Warning (10492): VHDL Process Statement warning at controlHazard.vhd(82): signal "IR_RE" is read inside the Process Statement but isn't in the Process Statement's sensitivity list File: /home/virtualgod/Altera/RISC2/controlHazard.vhd Line: 82
Warning (10492): VHDL Process Statement warning at controlHazard.vhd(83): signal "T1_RE" is read inside the Process Statement but isn't in the Process Statement's sensitivity list File: /home/virtualgod/Altera/RISC2/controlHazard.vhd Line: 83
Warning (10492): VHDL Process Statement warning at controlHazard.vhd(83): signal "PC_RE" is read inside the Process Statement but isn't in the Process Statement's sensitivity list File: /home/virtualgod/Altera/RISC2/controlHazard.vhd Line: 83
Warning (10492): VHDL Process Statement warning at controlHazard.vhd(90): signal "IR_RE" is read inside the Process Statement but isn't in the Process Statement's sensitivity list File: /home/virtualgod/Altera/RISC2/controlHazard.vhd Line: 90
Warning (10492): VHDL Process Statement warning at controlHazard.vhd(91): signal "PC_RE" is read inside the Process Statement but isn't in the Process Statement's sensitivity list File: /home/virtualgod/Altera/RISC2/controlHazard.vhd Line: 91
Info (12128): Elaborating entity "Data_Hazard_Detector" for hierarchy "Data_Hazard_Detector:dh" File: /home/virtualgod/Altera/RISC2/RISC2.vhd Line: 87
Warning (10492): VHDL Process Statement warning at dataHazard.vhd(27): signal "NC_RE_out" is read inside the Process Statement but isn't in the Process Statement's sensitivity list File: /home/virtualgod/Altera/RISC2/dataHazard.vhd Line: 27
Warning (10492): VHDL Process Statement warning at dataHazard.vhd(36): signal "NC_RE_out" is read inside the Process Statement but isn't in the Process Statement's sensitivity list File: /home/virtualgod/Altera/RISC2/dataHazard.vhd Line: 36
Warning (10492): VHDL Process Statement warning at dataHazard.vhd(52): signal "NC_DR" is read inside the Process Statement but isn't in the Process Statement's sensitivity list File: /home/virtualgod/Altera/RISC2/dataHazard.vhd Line: 52
Warning (10492): VHDL Process Statement warning at dataHazard.vhd(57): signal "NC_RE" is read inside the Process Statement but isn't in the Process Statement's sensitivity list File: /home/virtualgod/Altera/RISC2/dataHazard.vhd Line: 57
Warning (10492): VHDL Process Statement warning at dataHazard.vhd(61): signal "NC_EM" is read inside the Process Statement but isn't in the Process Statement's sensitivity list File: /home/virtualgod/Altera/RISC2/dataHazard.vhd Line: 61
Warning (10492): VHDL Process Statement warning at dataHazard.vhd(65): signal "NC_MW" is read inside the Process Statement but isn't in the Process Statement's sensitivity list File: /home/virtualgod/Altera/RISC2/dataHazard.vhd Line: 65
Warning (10492): VHDL Process Statement warning at dataHazard.vhd(71): signal "NC_RE" is read inside the Process Statement but isn't in the Process Statement's sensitivity list File: /home/virtualgod/Altera/RISC2/dataHazard.vhd Line: 71
Warning (10492): VHDL Process Statement warning at dataHazard.vhd(75): signal "NC_EM" is read inside the Process Statement but isn't in the Process Statement's sensitivity list File: /home/virtualgod/Altera/RISC2/dataHazard.vhd Line: 75
Warning (10492): VHDL Process Statement warning at dataHazard.vhd(79): signal "NC_MW" is read inside the Process Statement but isn't in the Process Statement's sensitivity list File: /home/virtualgod/Altera/RISC2/dataHazard.vhd Line: 79
Warning (10492): VHDL Process Statement warning at dataHazard.vhd(88): signal "NC_RE" is read inside the Process Statement but isn't in the Process Statement's sensitivity list File: /home/virtualgod/Altera/RISC2/dataHazard.vhd Line: 88
Warning (10492): VHDL Process Statement warning at dataHazard.vhd(92): signal "NC_EM" is read inside the Process Statement but isn't in the Process Statement's sensitivity list File: /home/virtualgod/Altera/RISC2/dataHazard.vhd Line: 92
Warning (10492): VHDL Process Statement warning at dataHazard.vhd(96): signal "NC_MW" is read inside the Process Statement but isn't in the Process Statement's sensitivity list File: /home/virtualgod/Altera/RISC2/dataHazard.vhd Line: 96
Warning (10492): VHDL Process Statement warning at dataHazard.vhd(102): signal "NC_RE" is read inside the Process Statement but isn't in the Process Statement's sensitivity list File: /home/virtualgod/Altera/RISC2/dataHazard.vhd Line: 102
Warning (10492): VHDL Process Statement warning at dataHazard.vhd(106): signal "NC_EM" is read inside the Process Statement but isn't in the Process Statement's sensitivity list File: /home/virtualgod/Altera/RISC2/dataHazard.vhd Line: 106
Warning (10492): VHDL Process Statement warning at dataHazard.vhd(110): signal "NC_MW" is read inside the Process Statement but isn't in the Process Statement's sensitivity list File: /home/virtualgod/Altera/RISC2/dataHazard.vhd Line: 110
Warning (10492): VHDL Process Statement warning at dataHazard.vhd(120): signal "NC_RE" is read inside the Process Statement but isn't in the Process Statement's sensitivity list File: /home/virtualgod/Altera/RISC2/dataHazard.vhd Line: 120
Warning (10492): VHDL Process Statement warning at dataHazard.vhd(129): signal "NC_EM" is read inside the Process Statement but isn't in the Process Statement's sensitivity list File: /home/virtualgod/Altera/RISC2/dataHazard.vhd Line: 129
Warning (10492): VHDL Process Statement warning at dataHazard.vhd(133): signal "NC_MW" is read inside the Process Statement but isn't in the Process Statement's sensitivity list File: /home/virtualgod/Altera/RISC2/dataHazard.vhd Line: 133
Warning (10492): VHDL Process Statement warning at dataHazard.vhd(139): signal "NC_RE" is read inside the Process Statement but isn't in the Process Statement's sensitivity list File: /home/virtualgod/Altera/RISC2/dataHazard.vhd Line: 139
Warning (10492): VHDL Process Statement warning at dataHazard.vhd(148): signal "NC_EM" is read inside the Process Statement but isn't in the Process Statement's sensitivity list File: /home/virtualgod/Altera/RISC2/dataHazard.vhd Line: 148
Warning (10492): VHDL Process Statement warning at dataHazard.vhd(152): signal "NC_MW" is read inside the Process Statement but isn't in the Process Statement's sensitivity list File: /home/virtualgod/Altera/RISC2/dataHazard.vhd Line: 152
Warning (10492): VHDL Process Statement warning at dataHazard.vhd(161): signal "NC_RE" is read inside the Process Statement but isn't in the Process Statement's sensitivity list File: /home/virtualgod/Altera/RISC2/dataHazard.vhd Line: 161
Warning (10492): VHDL Process Statement warning at dataHazard.vhd(165): signal "NC_EM" is read inside the Process Statement but isn't in the Process Statement's sensitivity list File: /home/virtualgod/Altera/RISC2/dataHazard.vhd Line: 165
Warning (10492): VHDL Process Statement warning at dataHazard.vhd(169): signal "NC_MW" is read inside the Process Statement but isn't in the Process Statement's sensitivity list File: /home/virtualgod/Altera/RISC2/dataHazard.vhd Line: 169
Warning (10492): VHDL Process Statement warning at dataHazard.vhd(175): signal "NC_RE" is read inside the Process Statement but isn't in the Process Statement's sensitivity list File: /home/virtualgod/Altera/RISC2/dataHazard.vhd Line: 175
Warning (10492): VHDL Process Statement warning at dataHazard.vhd(179): signal "NC_EM" is read inside the Process Statement but isn't in the Process Statement's sensitivity list File: /home/virtualgod/Altera/RISC2/dataHazard.vhd Line: 179
Warning (10492): VHDL Process Statement warning at dataHazard.vhd(183): signal "NC_MW" is read inside the Process Statement but isn't in the Process Statement's sensitivity list File: /home/virtualgod/Altera/RISC2/dataHazard.vhd Line: 183
Warning (10492): VHDL Process Statement warning at dataHazard.vhd(195): signal "NC_RE" is read inside the Process Statement but isn't in the Process Statement's sensitivity list File: /home/virtualgod/Altera/RISC2/dataHazard.vhd Line: 195
Warning (10492): VHDL Process Statement warning at dataHazard.vhd(198): signal "NC_EM" is read inside the Process Statement but isn't in the Process Statement's sensitivity list File: /home/virtualgod/Altera/RISC2/dataHazard.vhd Line: 198
Warning (10492): VHDL Process Statement warning at dataHazard.vhd(201): signal "NC_MW" is read inside the Process Statement but isn't in the Process Statement's sensitivity list File: /home/virtualgod/Altera/RISC2/dataHazard.vhd Line: 201
Warning (10492): VHDL Process Statement warning at dataHazard.vhd(208): signal "NC_RE" is read inside the Process Statement but isn't in the Process Statement's sensitivity list File: /home/virtualgod/Altera/RISC2/dataHazard.vhd Line: 208
Warning (10492): VHDL Process Statement warning at dataHazard.vhd(211): signal "NC_EM" is read inside the Process Statement but isn't in the Process Statement's sensitivity list File: /home/virtualgod/Altera/RISC2/dataHazard.vhd Line: 211
Warning (10492): VHDL Process Statement warning at dataHazard.vhd(214): signal "NC_MW" is read inside the Process Statement but isn't in the Process Statement's sensitivity list File: /home/virtualgod/Altera/RISC2/dataHazard.vhd Line: 214
Warning (10492): VHDL Process Statement warning at dataHazard.vhd(222): signal "NC_RE" is read inside the Process Statement but isn't in the Process Statement's sensitivity list File: /home/virtualgod/Altera/RISC2/dataHazard.vhd Line: 222
Warning (10492): VHDL Process Statement warning at dataHazard.vhd(231): signal "NC_EM" is read inside the Process Statement but isn't in the Process Statement's sensitivity list File: /home/virtualgod/Altera/RISC2/dataHazard.vhd Line: 231
Warning (10492): VHDL Process Statement warning at dataHazard.vhd(234): signal "NC_MW" is read inside the Process Statement but isn't in the Process Statement's sensitivity list File: /home/virtualgod/Altera/RISC2/dataHazard.vhd Line: 234
Warning (10492): VHDL Process Statement warning at dataHazard.vhd(241): signal "NC_RE" is read inside the Process Statement but isn't in the Process Statement's sensitivity list File: /home/virtualgod/Altera/RISC2/dataHazard.vhd Line: 241
Warning (10492): VHDL Process Statement warning at dataHazard.vhd(244): signal "NC_EM" is read inside the Process Statement but isn't in the Process Statement's sensitivity list File: /home/virtualgod/Altera/RISC2/dataHazard.vhd Line: 244
Warning (10492): VHDL Process Statement warning at dataHazard.vhd(247): signal "NC_MW" is read inside the Process Statement but isn't in the Process Statement's sensitivity list File: /home/virtualgod/Altera/RISC2/dataHazard.vhd Line: 247
Warning (10492): VHDL Process Statement warning at dataHazard.vhd(258): signal "NC_RE" is read inside the Process Statement but isn't in the Process Statement's sensitivity list File: /home/virtualgod/Altera/RISC2/dataHazard.vhd Line: 258
Warning (10492): VHDL Process Statement warning at dataHazard.vhd(261): signal "NC_EM" is read inside the Process Statement but isn't in the Process Statement's sensitivity list File: /home/virtualgod/Altera/RISC2/dataHazard.vhd Line: 261
Warning (10492): VHDL Process Statement warning at dataHazard.vhd(264): signal "NC_MW" is read inside the Process Statement but isn't in the Process Statement's sensitivity list File: /home/virtualgod/Altera/RISC2/dataHazard.vhd Line: 264
Warning (10492): VHDL Process Statement warning at dataHazard.vhd(271): signal "NC_RE" is read inside the Process Statement but isn't in the Process Statement's sensitivity list File: /home/virtualgod/Altera/RISC2/dataHazard.vhd Line: 271
Warning (10492): VHDL Process Statement warning at dataHazard.vhd(274): signal "NC_EM" is read inside the Process Statement but isn't in the Process Statement's sensitivity list File: /home/virtualgod/Altera/RISC2/dataHazard.vhd Line: 274
Warning (10492): VHDL Process Statement warning at dataHazard.vhd(277): signal "NC_MW" is read inside the Process Statement but isn't in the Process Statement's sensitivity list File: /home/virtualgod/Altera/RISC2/dataHazard.vhd Line: 277
Warning (10492): VHDL Process Statement warning at dataHazard.vhd(285): signal "NC_RE" is read inside the Process Statement but isn't in the Process Statement's sensitivity list File: /home/virtualgod/Altera/RISC2/dataHazard.vhd Line: 285
Warning (10492): VHDL Process Statement warning at dataHazard.vhd(294): signal "NC_EM" is read inside the Process Statement but isn't in the Process Statement's sensitivity list File: /home/virtualgod/Altera/RISC2/dataHazard.vhd Line: 294
Warning (10492): VHDL Process Statement warning at dataHazard.vhd(297): signal "NC_MW" is read inside the Process Statement but isn't in the Process Statement's sensitivity list File: /home/virtualgod/Altera/RISC2/dataHazard.vhd Line: 297
Warning (10492): VHDL Process Statement warning at dataHazard.vhd(305): signal "NC_RE" is read inside the Process Statement but isn't in the Process Statement's sensitivity list File: /home/virtualgod/Altera/RISC2/dataHazard.vhd Line: 305
Warning (10492): VHDL Process Statement warning at dataHazard.vhd(308): signal "NC_EM" is read inside the Process Statement but isn't in the Process Statement's sensitivity list File: /home/virtualgod/Altera/RISC2/dataHazard.vhd Line: 308
Warning (10492): VHDL Process Statement warning at dataHazard.vhd(311): signal "NC_MW" is read inside the Process Statement but isn't in the Process Statement's sensitivity list File: /home/virtualgod/Altera/RISC2/dataHazard.vhd Line: 311
Warning (10492): VHDL Process Statement warning at dataHazard.vhd(322): signal "NC_RE" is read inside the Process Statement but isn't in the Process Statement's sensitivity list File: /home/virtualgod/Altera/RISC2/dataHazard.vhd Line: 322
Warning (10492): VHDL Process Statement warning at dataHazard.vhd(325): signal "NC_EM" is read inside the Process Statement but isn't in the Process Statement's sensitivity list File: /home/virtualgod/Altera/RISC2/dataHazard.vhd Line: 325
Warning (10492): VHDL Process Statement warning at dataHazard.vhd(328): signal "NC_MW" is read inside the Process Statement but isn't in the Process Statement's sensitivity list File: /home/virtualgod/Altera/RISC2/dataHazard.vhd Line: 328
Warning (10492): VHDL Process Statement warning at dataHazard.vhd(333): signal "NC_RE" is read inside the Process Statement but isn't in the Process Statement's sensitivity list File: /home/virtualgod/Altera/RISC2/dataHazard.vhd Line: 333
Warning (10492): VHDL Process Statement warning at dataHazard.vhd(336): signal "NC_EM" is read inside the Process Statement but isn't in the Process Statement's sensitivity list File: /home/virtualgod/Altera/RISC2/dataHazard.vhd Line: 336
Warning (10492): VHDL Process Statement warning at dataHazard.vhd(339): signal "NC_MW" is read inside the Process Statement but isn't in the Process Statement's sensitivity list File: /home/virtualgod/Altera/RISC2/dataHazard.vhd Line: 339
Warning (10492): VHDL Process Statement warning at dataHazard.vhd(346): signal "NC_RE" is read inside the Process Statement but isn't in the Process Statement's sensitivity list File: /home/virtualgod/Altera/RISC2/dataHazard.vhd Line: 346
Warning (10492): VHDL Process Statement warning at dataHazard.vhd(349): signal "NC_EM" is read inside the Process Statement but isn't in the Process Statement's sensitivity list File: /home/virtualgod/Altera/RISC2/dataHazard.vhd Line: 349
Warning (10492): VHDL Process Statement warning at dataHazard.vhd(352): signal "NC_MW" is read inside the Process Statement but isn't in the Process Statement's sensitivity list File: /home/virtualgod/Altera/RISC2/dataHazard.vhd Line: 352
Warning (10492): VHDL Process Statement warning at dataHazard.vhd(357): signal "NC_RE" is read inside the Process Statement but isn't in the Process Statement's sensitivity list File: /home/virtualgod/Altera/RISC2/dataHazard.vhd Line: 357
Warning (10492): VHDL Process Statement warning at dataHazard.vhd(360): signal "NC_EM" is read inside the Process Statement but isn't in the Process Statement's sensitivity list File: /home/virtualgod/Altera/RISC2/dataHazard.vhd Line: 360
Warning (10492): VHDL Process Statement warning at dataHazard.vhd(363): signal "NC_MW" is read inside the Process Statement but isn't in the Process Statement's sensitivity list File: /home/virtualgod/Altera/RISC2/dataHazard.vhd Line: 363
Warning (10492): VHDL Process Statement warning at dataHazard.vhd(371): signal "NC_RE" is read inside the Process Statement but isn't in the Process Statement's sensitivity list File: /home/virtualgod/Altera/RISC2/dataHazard.vhd Line: 371
Warning (10492): VHDL Process Statement warning at dataHazard.vhd(380): signal "NC_EM" is read inside the Process Statement but isn't in the Process Statement's sensitivity list File: /home/virtualgod/Altera/RISC2/dataHazard.vhd Line: 380
Warning (10492): VHDL Process Statement warning at dataHazard.vhd(383): signal "NC_MW" is read inside the Process Statement but isn't in the Process Statement's sensitivity list File: /home/virtualgod/Altera/RISC2/dataHazard.vhd Line: 383
Warning (10492): VHDL Process Statement warning at dataHazard.vhd(388): signal "NC_RE" is read inside the Process Statement but isn't in the Process Statement's sensitivity list File: /home/virtualgod/Altera/RISC2/dataHazard.vhd Line: 388
Warning (10492): VHDL Process Statement warning at dataHazard.vhd(397): signal "NC_EM" is read inside the Process Statement but isn't in the Process Statement's sensitivity list File: /home/virtualgod/Altera/RISC2/dataHazard.vhd Line: 397
Warning (10492): VHDL Process Statement warning at dataHazard.vhd(400): signal "NC_MW" is read inside the Process Statement but isn't in the Process Statement's sensitivity list File: /home/virtualgod/Altera/RISC2/dataHazard.vhd Line: 400
Warning (10492): VHDL Process Statement warning at dataHazard.vhd(407): signal "NC_RE" is read inside the Process Statement but isn't in the Process Statement's sensitivity list File: /home/virtualgod/Altera/RISC2/dataHazard.vhd Line: 407
Warning (10492): VHDL Process Statement warning at dataHazard.vhd(410): signal "NC_EM" is read inside the Process Statement but isn't in the Process Statement's sensitivity list File: /home/virtualgod/Altera/RISC2/dataHazard.vhd Line: 410
Warning (10492): VHDL Process Statement warning at dataHazard.vhd(413): signal "NC_MW" is read inside the Process Statement but isn't in the Process Statement's sensitivity list File: /home/virtualgod/Altera/RISC2/dataHazard.vhd Line: 413
Warning (10492): VHDL Process Statement warning at dataHazard.vhd(418): signal "NC_RE" is read inside the Process Statement but isn't in the Process Statement's sensitivity list File: /home/virtualgod/Altera/RISC2/dataHazard.vhd Line: 418
Warning (10492): VHDL Process Statement warning at dataHazard.vhd(421): signal "NC_EM" is read inside the Process Statement but isn't in the Process Statement's sensitivity list File: /home/virtualgod/Altera/RISC2/dataHazard.vhd Line: 421
Warning (10492): VHDL Process Statement warning at dataHazard.vhd(424): signal "NC_MW" is read inside the Process Statement but isn't in the Process Statement's sensitivity list File: /home/virtualgod/Altera/RISC2/dataHazard.vhd Line: 424
Warning (10492): VHDL Process Statement warning at dataHazard.vhd(435): signal "NC_RE" is read inside the Process Statement but isn't in the Process Statement's sensitivity list File: /home/virtualgod/Altera/RISC2/dataHazard.vhd Line: 435
Warning (10492): VHDL Process Statement warning at dataHazard.vhd(438): signal "NC_EM" is read inside the Process Statement but isn't in the Process Statement's sensitivity list File: /home/virtualgod/Altera/RISC2/dataHazard.vhd Line: 438
Warning (10492): VHDL Process Statement warning at dataHazard.vhd(441): signal "NC_MW" is read inside the Process Statement but isn't in the Process Statement's sensitivity list File: /home/virtualgod/Altera/RISC2/dataHazard.vhd Line: 441
Warning (10492): VHDL Process Statement warning at dataHazard.vhd(448): signal "NC_RE" is read inside the Process Statement but isn't in the Process Statement's sensitivity list File: /home/virtualgod/Altera/RISC2/dataHazard.vhd Line: 448
Warning (10492): VHDL Process Statement warning at dataHazard.vhd(451): signal "NC_EM" is read inside the Process Statement but isn't in the Process Statement's sensitivity list File: /home/virtualgod/Altera/RISC2/dataHazard.vhd Line: 451
Warning (10492): VHDL Process Statement warning at dataHazard.vhd(454): signal "NC_MW" is read inside the Process Statement but isn't in the Process Statement's sensitivity list File: /home/virtualgod/Altera/RISC2/dataHazard.vhd Line: 454
Warning (10492): VHDL Process Statement warning at dataHazard.vhd(462): signal "NC_RE" is read inside the Process Statement but isn't in the Process Statement's sensitivity list File: /home/virtualgod/Altera/RISC2/dataHazard.vhd Line: 462
Warning (10492): VHDL Process Statement warning at dataHazard.vhd(471): signal "NC_EM" is read inside the Process Statement but isn't in the Process Statement's sensitivity list File: /home/virtualgod/Altera/RISC2/dataHazard.vhd Line: 471
Warning (10492): VHDL Process Statement warning at dataHazard.vhd(474): signal "NC_MW" is read inside the Process Statement but isn't in the Process Statement's sensitivity list File: /home/virtualgod/Altera/RISC2/dataHazard.vhd Line: 474
Warning (10492): VHDL Process Statement warning at dataHazard.vhd(481): signal "NC_RE" is read inside the Process Statement but isn't in the Process Statement's sensitivity list File: /home/virtualgod/Altera/RISC2/dataHazard.vhd Line: 481
Warning (10492): VHDL Process Statement warning at dataHazard.vhd(484): signal "NC_EM" is read inside the Process Statement but isn't in the Process Statement's sensitivity list File: /home/virtualgod/Altera/RISC2/dataHazard.vhd Line: 484
Warning (10492): VHDL Process Statement warning at dataHazard.vhd(487): signal "NC_MW" is read inside the Process Statement but isn't in the Process Statement's sensitivity list File: /home/virtualgod/Altera/RISC2/dataHazard.vhd Line: 487
Info: Quartus Prime Analysis & Elaboration was successful. 0 errors, 145 warnings
    Info: Peak virtual memory: 1512 megabytes
    Info: Processing ended: Tue Nov 29 12:16:32 2016
    Info: Elapsed time: 00:00:15
    Info: Total CPU time (on all processors): 00:00:34


